Archive member included because of file (symbol)

c:/program files (x86)/atmel/atmel toolchain/avr8 gcc/native/3.4.1061/avr8-gnu-toolchain/bin/../lib/gcc/avr/4.8.1/../../../../avr/lib/avr5\libm.a(addsf3.o)
                              flappy_pixel.o (__subsf3)
c:/program files (x86)/atmel/atmel toolchain/avr8 gcc/native/3.4.1061/avr8-gnu-toolchain/bin/../lib/gcc/avr/4.8.1/../../../../avr/lib/avr5\libm.a(addsf3x.o)
                              c:/program files (x86)/atmel/atmel toolchain/avr8 gcc/native/3.4.1061/avr8-gnu-toolchain/bin/../lib/gcc/avr/4.8.1/../../../../avr/lib/avr5\libm.a(addsf3.o) (__addsf3x)
c:/program files (x86)/atmel/atmel toolchain/avr8 gcc/native/3.4.1061/avr8-gnu-toolchain/bin/../lib/gcc/avr/4.8.1/../../../../avr/lib/avr5\libm.a(cmpsf2.o)
                              flappy_pixel.o (__ltsf2)
c:/program files (x86)/atmel/atmel toolchain/avr8 gcc/native/3.4.1061/avr8-gnu-toolchain/bin/../lib/gcc/avr/4.8.1/../../../../avr/lib/avr5\libm.a(divsf3.o)
                              input_conversion.o (__divsf3)
c:/program files (x86)/atmel/atmel toolchain/avr8 gcc/native/3.4.1061/avr8-gnu-toolchain/bin/../lib/gcc/avr/4.8.1/../../../../avr/lib/avr5\libm.a(divsf3x.o)
                              c:/program files (x86)/atmel/atmel toolchain/avr8 gcc/native/3.4.1061/avr8-gnu-toolchain/bin/../lib/gcc/avr/4.8.1/../../../../avr/lib/avr5\libm.a(divsf3.o) (__divsf3x)
c:/program files (x86)/atmel/atmel toolchain/avr8 gcc/native/3.4.1061/avr8-gnu-toolchain/bin/../lib/gcc/avr/4.8.1/../../../../avr/lib/avr5\libm.a(fixsfsi.o)
                              flappy_pixel.o (__fixsfsi)
c:/program files (x86)/atmel/atmel toolchain/avr8 gcc/native/3.4.1061/avr8-gnu-toolchain/bin/../lib/gcc/avr/4.8.1/../../../../avr/lib/avr5\libm.a(fixunssfsi.o)
                              SRAM.o (__fixunssfsi)
c:/program files (x86)/atmel/atmel toolchain/avr8 gcc/native/3.4.1061/avr8-gnu-toolchain/bin/../lib/gcc/avr/4.8.1/../../../../avr/lib/avr5\libm.a(floatsisf.o)
                              SRAM.o (__floatunsisf)
c:/program files (x86)/atmel/atmel toolchain/avr8 gcc/native/3.4.1061/avr8-gnu-toolchain/bin/../lib/gcc/avr/4.8.1/../../../../avr/lib/avr5\libm.a(fp_cmp.o)
                              c:/program files (x86)/atmel/atmel toolchain/avr8 gcc/native/3.4.1061/avr8-gnu-toolchain/bin/../lib/gcc/avr/4.8.1/../../../../avr/lib/avr5\libm.a(cmpsf2.o) (__fp_cmp)
c:/program files (x86)/atmel/atmel toolchain/avr8 gcc/native/3.4.1061/avr8-gnu-toolchain/bin/../lib/gcc/avr/4.8.1/../../../../avr/lib/avr5\libm.a(fp_inf.o)
                              c:/program files (x86)/atmel/atmel toolchain/avr8 gcc/native/3.4.1061/avr8-gnu-toolchain/bin/../lib/gcc/avr/4.8.1/../../../../avr/lib/avr5\libm.a(addsf3x.o) (__fp_inf)
c:/program files (x86)/atmel/atmel toolchain/avr8 gcc/native/3.4.1061/avr8-gnu-toolchain/bin/../lib/gcc/avr/4.8.1/../../../../avr/lib/avr5\libm.a(fp_nan.o)
                              c:/program files (x86)/atmel/atmel toolchain/avr8 gcc/native/3.4.1061/avr8-gnu-toolchain/bin/../lib/gcc/avr/4.8.1/../../../../avr/lib/avr5\libm.a(addsf3x.o) (__fp_nan)
c:/program files (x86)/atmel/atmel toolchain/avr8 gcc/native/3.4.1061/avr8-gnu-toolchain/bin/../lib/gcc/avr/4.8.1/../../../../avr/lib/avr5\libm.a(fp_pscA.o)
                              c:/program files (x86)/atmel/atmel toolchain/avr8 gcc/native/3.4.1061/avr8-gnu-toolchain/bin/../lib/gcc/avr/4.8.1/../../../../avr/lib/avr5\libm.a(addsf3x.o) (__fp_pscA)
c:/program files (x86)/atmel/atmel toolchain/avr8 gcc/native/3.4.1061/avr8-gnu-toolchain/bin/../lib/gcc/avr/4.8.1/../../../../avr/lib/avr5\libm.a(fp_pscB.o)
                              c:/program files (x86)/atmel/atmel toolchain/avr8 gcc/native/3.4.1061/avr8-gnu-toolchain/bin/../lib/gcc/avr/4.8.1/../../../../avr/lib/avr5\libm.a(addsf3x.o) (__fp_pscB)
c:/program files (x86)/atmel/atmel toolchain/avr8 gcc/native/3.4.1061/avr8-gnu-toolchain/bin/../lib/gcc/avr/4.8.1/../../../../avr/lib/avr5\libm.a(fp_round.o)
                              c:/program files (x86)/atmel/atmel toolchain/avr8 gcc/native/3.4.1061/avr8-gnu-toolchain/bin/../lib/gcc/avr/4.8.1/../../../../avr/lib/avr5\libm.a(addsf3.o) (__fp_round)
c:/program files (x86)/atmel/atmel toolchain/avr8 gcc/native/3.4.1061/avr8-gnu-toolchain/bin/../lib/gcc/avr/4.8.1/../../../../avr/lib/avr5\libm.a(fp_split3.o)
                              c:/program files (x86)/atmel/atmel toolchain/avr8 gcc/native/3.4.1061/avr8-gnu-toolchain/bin/../lib/gcc/avr/4.8.1/../../../../avr/lib/avr5\libm.a(addsf3x.o) (__fp_split3)
c:/program files (x86)/atmel/atmel toolchain/avr8 gcc/native/3.4.1061/avr8-gnu-toolchain/bin/../lib/gcc/avr/4.8.1/../../../../avr/lib/avr5\libm.a(fp_zero.o)
                              c:/program files (x86)/atmel/atmel toolchain/avr8 gcc/native/3.4.1061/avr8-gnu-toolchain/bin/../lib/gcc/avr/4.8.1/../../../../avr/lib/avr5\libm.a(addsf3x.o) (__fp_zero)
[...]
Memory Configuration

Name             Origin             Length             Attributes
text             0x00000000         0x00020000         xr
data             0x00800060         0x0000ffa0         rw !x
eeprom           0x00810000         0x00010000         rw !x
fuse             0x00820000         0x00000400         rw !x
lock             0x00830000         0x00000400         rw !x
signature        0x00840000         0x00000400         rw !x
user_signatures  0x00850000         0x00000400         rw !x
*default*        0x00000000         0xffffffff

Linker script and memory map

Address of section .data set to 0x800100
LOAD c:/program files (x86)/atmel/atmel toolchain/avr8 gcc/native/3.4.1061/avr8-gnu-toolchain/bin/../lib/gcc/avr/4.8.1/../../../../avr/lib/avr5/crtm162.o
LOAD can.o
LOAD i_o.o
LOAD MCP2515_driver.o
LOAD SPI.o
LOAD uart.o
LOAD adc.o
LOAD button_interrupts.o
LOAD flappy_pixel.o
LOAD game_2048.o
LOAD input_conversion.o
LOAD interrupts.o
LOAD menu.o
LOAD NODE1.o
LOAD oled.o
LOAD scoreboard.o
LOAD SRAM.o
LOAD timer.o
LOAD uart_exchange.o
START GROUP
LOAD c:/program files (x86)/atmel/atmel toolchain/avr8 gcc/native/3.4.1061/avr8-gnu-toolchain/bin/../lib/gcc/avr/4.8.1/../../../../avr/lib/avr5\libm.a
END GROUP
START GROUP
LOAD c:/program files (x86)/atmel/atmel toolchain/avr8 gcc/native/3.4.1061/avr8-gnu-toolchain/bin/../lib/gcc/avr/4.8.1/avr5\libgcc.a
LOAD c:/program files (x86)/atmel/atmel toolchain/avr8 gcc/native/3.4.1061/avr8-gnu-toolchain/bin/../lib/gcc/avr/4.8.1/../../../../avr/lib/avr5\libm.a
LOAD c:/program files (x86)/atmel/atmel toolchain/avr8 gcc/native/3.4.1061/avr8-gnu-toolchain/bin/../lib/gcc/avr/4.8.1/../../../../avr/lib/avr5\libc.a
END GROUP

.hash
 *(.hash)

.dynsym
 *(.dynsym)

.dynstr
 *(.dynstr)

.gnu.version
 *(.gnu.version)

.gnu.version_d
 *(.gnu.version_d)

.gnu.version_r
 *(.gnu.version_r)

.rel.init
 *(.rel.init)

.rela.init
 *(.rela.init)

.rel.text
 *(.rel.text)
 *(.rel.text.*)
 *(.rel.gnu.linkonce.t*)

.rela.text
 *(.rela.text)
 *(.rela.text.*)
 *(.rela.gnu.linkonce.t*)

.rel.fini
 *(.rel.fini)

.rela.fini
 *(.rela.fini)

.rel.rodata
 *(.rel.rodata)
 *(.rel.rodata.*)
 *(.rel.gnu.linkonce.r*)

.rela.rodata
 *(.rela.rodata)
 *(.rela.rodata.*)
 *(.rela.gnu.linkonce.r*)

.rel.data
 *(.rel.data)
 *(.rel.data.*)
 *(.rel.gnu.linkonce.d*)

.rela.data
 *(.rela.data)
 *(.rela.data.*)
 *(.rela.gnu.linkonce.d*)

.rel.ctors
 *(.rel.ctors)

.rela.ctors
 *(.rela.ctors)

.rel.dtors
 *(.rel.dtors)

.rela.dtors
 *(.rela.dtors)

.rel.got
 *(.rel.got)

.rela.got
 *(.rela.got)

.rel.bss
 *(.rel.bss)

.rela.bss
 *(.rela.bss)

.rel.plt
 *(.rel.plt)

.rela.plt
 *(.rela.plt)

.text           0x00000000     0x3262
 *(.vectors)
 .vectors       0x00000000       0x70 c:/program files (x86)/atmel/atmel toolchain/avr8 gcc/native/3.4.1061/avr8-gnu-toolchain/bin/../lib/gcc/avr/4.8.1/../../../../avr/lib/avr5/crtm162.o
                0x00000000                __vector_default
                0x00000000                __vectors
 *(.vectors)
 *(.progmem.gcc*)
                0x00000070                . = ALIGN (0x2)
                0x00000070                __trampolines_start = .
 *(.trampolines)
 .trampolines   0x00000070        0x0 linker stubs
 *(.trampolines*)
                0x00000070                __trampolines_end = .
 *(.progmem*)
 .progmem.data.calibrate_direction_array
                0x00000070        0x8 menu.o
                0x00000070                calibrate_direction_array
 .progmem.data.calibrate_direction_3
                0x00000078        0x6 menu.o
                0x00000078                calibrate_direction_3
 .progmem.data.calibrate_direction_2
                0x0000007e        0x5 menu.o
                0x0000007e                calibrate_direction_2
 .progmem.data.calibrate_direction_1
                0x00000083        0x5 menu.o
                0x00000083                calibrate_direction_1
 .progmem.data.calibrate_direction_0
                0x00000088        0x3 menu.o
                0x00000088                calibrate_direction_0
 .progmem.data.calibrate_text_1
                0x0000008b        0xe menu.o
                0x0000008b                calibrate_text_1
 .progmem.data.calibrate_text_0
                0x00000099        0x7 menu.o
                0x00000099                calibrate_text_0
 .progmem.data.brightness_text_0
                0x000000a0       0x10 menu.o
                0x000000a0                brightness_text_0
 .progmem.data.btn_1
                0x000000b0        0x8 menu.o
                0x000000b0                btn_1
 .progmem.data.debug_entry_1
                0x000000b8        0xa menu.o
                0x000000b8                debug_entry_1
 .progmem.data.debug_entry_0
                0x000000c2        0xb menu.o
                0x000000c2                debug_entry_0
 .progmem.data.option_entry_1
                0x000000cd        0x9 menu.o
                0x000000cd                option_entry_1
 .progmem.data.option_entry_0
                0x000000d6        0x6 menu.o
                0x000000d6                option_entry_0
 .progmem.data.mainmenu_entry_options
                0x000000dc        0x8 menu.o
                0x000000dc                mainmenu_entry_options
 .progmem.data.mainmenu_entry_debug
                0x000000e4        0x6 menu.o
                0x000000e4                mainmenu_entry_debug
 .progmem.data.mainmenu_entry_start
                0x000000ea        0x6 menu.o
                0x000000ea                mainmenu_entry_start
 .progmem.data.game_entry_1
                0x000000f0        0x5 menu.o
                0x000000f0                game_entry_1
 .progmem.data.game_entry_0
                0x000000f5        0xd menu.o
                0x000000f5                game_entry_0
 .progmem.data.mainmenu_entry_games
                0x00000102        0x6 menu.o
                0x00000102                mainmenu_entry_games
 .progmem.data.highscore_entry_1
                0x00000108        0xd menu.o
                0x00000108                highscore_entry_1
 .progmem.data.highscore_entry_0
                0x00000115        0xb menu.o
                0x00000115                highscore_entry_0
 .progmem.data.mainmenu_entry_highscore
                0x00000120        0xa menu.o
                0x00000120                mainmenu_entry_highscore
 .progmem.data.font
                0x0000012a      0x320 SRAM.o
                0x0000012a                font
                0x0000044a                . = ALIGN (0x2)
 *(.jumptables)
 *(.jumptables*)
 *(.lowtext)
 *(.lowtext*)
                0x0000044a                __ctors_start = .
 *(.ctors)
                0x0000044a                __ctors_end = .
                0x0000044a                __dtors_start = .
 *(.dtors)
                0x0000044a                __dtors_end = .
 SORT(*)(.ctors)
 SORT(*)(.dtors)
 *(.init0)
 .init0         0x0000044a        0x0 c:/program files (x86)/atmel/atmel toolchain/avr8 gcc/native/3.4.1061/avr8-gnu-toolchain/bin/../lib/gcc/avr/4.8.1/../../../../avr/lib/avr5/crtm162.o
                0x0000044a                __init
 *(.init0)
 *(.init1)
 *(.init1)
 *(.init2)
 .init2         0x0000044a        0xc c:/program files (x86)/atmel/atmel toolchain/avr8 gcc/native/3.4.1061/avr8-gnu-toolchain/bin/../lib/gcc/avr/4.8.1/../../../../avr/lib/avr5/crtm162.o
 *(.init2)
 *(.init3)
 *(.init3)
 *(.init4)
 .init4         0x00000456       0x16 c:/program files (x86)/atmel/atmel toolchain/avr8 gcc/native/3.4.1061/avr8-gnu-toolchain/bin/../lib/gcc/avr/4.8.1/avr5\libgcc.a(_copy_data.o)
                0x00000456                __do_copy_data
 .init4         0x0000046c       0x10 c:/program files (x86)/atmel/atmel toolchain/avr8 gcc/native/3.4.1061/avr8-gnu-toolchain/bin/../lib/gcc/avr/4.8.1/avr5\libgcc.a(_clear_bss.o)
                0x0000046c                __do_clear_bss
 *(.init4)
 *(.init5)
 *(.init5)
 *(.init6)
 *(.init6)
 *(.init7)
 *(.init7)
 *(.init8)
 *(.init8)
 *(.init9)
 .init9         0x0000047c        0x8 c:/program files (x86)/atmel/atmel toolchain/avr8 gcc/native/3.4.1061/avr8-gnu-toolchain/bin/../lib/gcc/avr/4.8.1/../../../../avr/lib/avr5/crtm162.o
 *(.init9)
 *(.text)
 .text          0x00000484        0x2 c:/program files (x86)/atmel/atmel toolchain/avr8 gcc/native/3.4.1061/avr8-gnu-toolchain/bin/../lib/gcc/avr/4.8.1/../../../../avr/lib/avr5/crtm162.o
                0x00000484                __vector_22
                0x00000484                __vector_24
                0x00000484                __vector_12
                0x00000484                __bad_interrupt
                0x00000484                __vector_6
                0x00000484                __vector_23
                0x00000484                __vector_25
                0x00000484                __vector_11
                0x00000484                __vector_13
                0x00000484                __vector_17
                0x00000484                __vector_19
                0x00000484                __vector_7
                0x00000484                __vector_27
                0x00000484                __vector_5
                0x00000484                __vector_4
                0x00000484                __vector_9
                0x00000484                __vector_21
                0x00000484                __vector_15
                0x00000484                __vector_8
                0x00000484                __vector_26
                0x00000484                __vector_14
                0x00000484                __vector_10
                0x00000484                __vector_18
                0x00000484                __vector_20
                0x00000486                . = ALIGN (0x2)
 *(.text.*)
 .text.CAN_construct_message
                0x00000486       0x22 can.o
                0x00000486                CAN_construct_message
 .text.__vector_3
                0x000004a8       0x1e can.o
                0x000004a8                __vector_3
 .text.CAN_interrupt_setup
                0x000004c6       0x12 can.o
                0x000004c6                CAN_interrupt_setup
 .text.CAN_initialize
                0x000004d8       0x40 can.o
                0x000004d8                CAN_initialize
 .text.CAN_transmission_complete
                0x00000518       0x26 can.o
                0x00000518                CAN_transmission_complete
 .text.CAN_send_byte
                0x0000053e       0x90 can.o
                0x0000053e                CAN_send_byte
 .text.CAN_message_send
                0x000005ce       0x26 can.o
                0x000005ce                CAN_message_send
 .text.MCP2515_write
                0x000005f4       0x1e MCP2515_driver.o
                0x000005f4                MCP2515_write
 .text.MCP2515_read
                0x00000612       0x1c MCP2515_driver.o
                0x00000612                MCP2515_read
 .text.MCP2515_request_to_send
                0x0000062e       0x20 MCP2515_driver.o
                0x0000062e                MCP2515_request_to_send
 .text.MCP2515_bit_modify
                0x0000064e       0x28 MCP2515_driver.o
                0x0000064e                MCP2515_bit_modify
 .text.MCP2515_reset
                0x00000676        0xa MCP2515_driver.o
                0x00000676                MCP2515_reset
 .text.MCP2515_initialize
                0x00000680        0x6 MCP2515_driver.o
                0x00000680                MCP2515_initialize
 .text.SPI_send
                0x00000686        0x8 SPI.o
                0x00000686                SPI_send
 .text.SPI_receive
                0x0000068e        0xc SPI.o
                0x0000068e                SPI_receive
 .text.SPI_select
                0x0000069a        0x4 SPI.o
                0x0000069a                SPI_select
 .text.SPI_deselect
                0x0000069e        0x4 SPI.o
                0x0000069e                SPI_deselect
 .text.SPI_initialize
                0x000006a2       0x12 SPI.o
                0x000006a2                SPI_initialize
 .text.send_UART
                0x000006b4        0x8 uart.o
                0x000006b4                send_UART
 .text.recieve_UART
                0x000006bc        0xa uart.o
                0x000006bc                recieve_UART
 .text.init_UART
                0x000006c6       0x18 uart.o
                0x000006c6                init_UART
 .text.readADC  0x000006de       0x4c adc.o
                0x000006de                readADC
 .text.initalize_interrupts
                0x0000072a       0x32 button_interrupts.o
                0x0000072a                initalize_interrupts
 .text.check_flag_left
                0x0000075c       0x12 button_interrupts.o
                0x0000075c                check_flag_left
 .text.check_flag_right
                0x0000076e       0x12 button_interrupts.o
                0x0000076e                check_flag_right
 .text.__vector_1
                0x00000780       0x1e button_interrupts.o
                0x00000780                __vector_1
 .text.__vector_2
                0x0000079e       0x1e button_interrupts.o
                0x0000079e                __vector_2
 .text.flappy_restart
                0x000007bc       0x3e flappy_pixel.o
                0x000007bc                flappy_restart
 .text.flappy_loading_screen
                0x000007fa       0xa4 flappy_pixel.o
                0x000007fa                flappy_loading_screen
 .text.flappy_render_wall
                0x0000089e       0x4e flappy_pixel.o
                0x0000089e                flappy_render_wall
 .text.flappy_controll
                0x000008ec      0x15a flappy_pixel.o
                0x000008ec                flappy_controll
 .text.flappy_pixel_collision
                0x00000a46       0x44 flappy_pixel.o
                0x00000a46                flappy_pixel_collision
 .text.flappy_scroll_wall
                0x00000a8a       0xc2 flappy_pixel.o
                0x00000a8a                flappy_scroll_wall
 .text.flappy_game
                0x00000b4c      0x15c flappy_pixel.o
                0x00000b4c                flappy_game
 .text.flappy_main
                0x00000ca8       0x92 flappy_pixel.o
                0x00000ca8                flappy_main
 .text.calibrate_joystick
                0x00000d3a       0x88 input_conversion.o
                0x00000d3a                calibrate_joystick
 .text.signal_to_range
                0x00000dc2      0x16e input_conversion.o
                0x00000dc2                signal_to_range
 .text.read_control_input
                0x00000f30      0x148 input_conversion.o
                0x00000f30                read_control_input
 .text.initialize_control_input
                0x00001078       0x34 input_conversion.o
                0x00001078                initialize_control_input
 .text.initialize_menu
                0x000010ac      0x314 menu.o
                0x000010ac                initialize_menu
 .text.menu_set_contrast
                0x000013c0       0x4c menu.o
                0x000013c0                menu_set_contrast
 .text.menu_calibrate_joystick
                0x0000140c       0x98 menu.o
                0x0000140c                menu_calibrate_joystick
 .text.menu_function_selected
                0x000014a4       0x5e menu.o
                0x000014a4                menu_function_selected
 .text.navigate_menu
                0x00001502       0xec menu.o
                0x00001502                navigate_menu
 .text.menu_update
                0x000015ee       0xbc menu.o
                0x000015ee                menu_update
 .text.bootscreen
                0x000016aa       0x92 NODE1.o
                0x000016aa                bootscreen
 .text.init_all
                0x0000173c       0x2c NODE1.o
                0x0000173c                init_all
 .text.main     0x00001768       0xc0 NODE1.o
                0x00001768                main
 .text.write_c  0x00001828        0xc oled.o
                0x00001828                write_c
 .text.write_d  0x00001834        0xc oled.o
                0x00001834                write_d
 .text.oled_home
                0x00001840       0x4e oled.o
                0x00001840                oled_home
 .text.oled_goto_line
                0x0000188e       0x36 oled.o
                0x0000188e                oled_goto_line
 .text.oled_goto_column
                0x000018c4        0x8 oled.o
                0x000018c4                oled_goto_column
 .text.oled_clear_line
                0x000018cc       0x20 oled.o
                0x000018cc                oled_clear_line
 .text.oled_reset
                0x000018ec       0x12 oled.o
                0x000018ec                oled_reset
 .text.oled_ini
                0x000018fe      0x116 oled.o
                0x000018fe                oled_ini
 .text.sram_write_char
                0x00001a14       0x76 SRAM.o
                0x00001a14                sram_write_char
 .text.sram_goto_line
                0x00001a8a        0xe SRAM.o
                0x00001a8a                sram_goto_line
 .text.sram_goto_column
                0x00001a98        0xe SRAM.o
                0x00001a98                sram_goto_column
 .text.sram_write_string
                0x00001aa6       0x28 SRAM.o
                0x00001aa6                sram_write_string
 .text.sram_write_int
                0x00001ace       0x1e SRAM.o
                0x00001ace                sram_write_int
 .text.sram_read
                0x00001aec       0x22 SRAM.o
                0x00001aec                sram_read
 .text.sram_write_and
                0x00001b0e       0x26 SRAM.o
                0x00001b0e                sram_write_and
 .text.sram_write_or
                0x00001b34       0x26 SRAM.o
                0x00001b34                sram_write_or
 .text.sram_pixel
                0x00001b5a       0x38 SRAM.o
                0x00001b5a                sram_pixel
 .text.sram_draw_new_line
                0x00001b92      0x1e6 SRAM.o
                0x00001b92                sram_draw_new_line
 .text.sram_draw_line
                0x00001d78       0x24 SRAM.o
                0x00001d78                sram_draw_line
 .text.sram_push_line
                0x00001d9c       0x42 SRAM.o
                0x00001d9c                sram_push_line
 .text.sram_update_oled
                0x00001dde       0x12 SRAM.o
                0x00001dde                sram_update_oled
 .text.sram_init
                0x00001df0       0x42 SRAM.o
                0x00001df0                sram_init
 .text.sram_clear_line
                0x00001e32       0x3c SRAM.o
                0x00001e32                sram_clear_line
 .text.sram_scroll_horizontally
                0x00001e6e       0xdc SRAM.o
                0x00001e6e                sram_scroll_horizontally
 .text.sram_scroll_line
                0x00001f4a       0x22 SRAM.o
                0x00001f4a                sram_scroll_line
 .text.sram_scroll_vertically
                0x00001f6c      0x1f2 SRAM.o
                0x00001f6c                sram_scroll_vertically
 .text.sram_set_point
                0x0000215e        0xa SRAM.o
                0x0000215e                sram_set_point
 .text.sram_draw_rectangle
                0x00002168       0x38 SRAM.o
                0x00002168                sram_draw_rectangle
 .text.initialize_timer
                0x000021a0       0x28 timer.o
                0x000021a0                initialize_timer
 .text.timer_check_flag
                0x000021c8       0x12 timer.o
                0x000021c8                timer_check_flag
 .text.timer_disable_flag
                0x000021da        0x6 timer.o
                0x000021da                timer_disable_flag
 .text.__vector_16
                0x000021e0       0x1e timer.o
                0x000021e0                __vector_16
 .text.timer_delay
                0x000021fe       0x40 timer.o
                0x000021fe                timer_delay
 .text.decode_hex
                0x0000223e        0xc uart_exchange.o
                0x0000223e                decode_hex
 .text.print_highscore
                0x0000224a      0x11c uart_exchange.o
                0x0000224a                print_highscore
 .text.avr-libc.fplib
                0x00002366        0xa c:/program files (x86)/atmel/atmel toolchain/avr8 gcc/native/3.4.1061/avr8-gnu-toolchain/bin/../lib/gcc/avr/4.8.1/../../../../avr/lib/avr5\libm.a(addsf3.o)
                0x00002366                __subsf3
                0x00002368                __addsf3
 .text.avr-libc.fplib
                0x00002370       0xc0 c:/program files (x86)/atmel/atmel toolchain/avr8 gcc/native/3.4.1061/avr8-gnu-toolchain/bin/../lib/gcc/avr/4.8.1/../../../../avr/lib/avr5\libm.a(addsf3x.o)
                0x0000238a                __addsf3x
 .text.avr-libc.fplib
                0x00002430        0x8 c:/program files (x86)/atmel/atmel toolchain/avr8 gcc/native/3.4.1061/avr8-gnu-toolchain/bin/../lib/gcc/avr/4.8.1/../../../../avr/lib/avr5\libm.a(cmpsf2.o)
                0x00002430                __nesf2
                0x00002430                __eqsf2
                0x00002430                __cmpsf2
                0x00002430                __ltsf2
                0x00002430                __lesf2
 .text.avr-libc.fplib
                0x00002438        0x4 c:/program files (x86)/atmel/atmel toolchain/avr8 gcc/native/3.4.1061/avr8-gnu-toolchain/bin/../lib/gcc/avr/4.8.1/../../../../avr/lib/avr5\libm.a(divsf3.o)
                0x00002438                __divsf3
 .text.avr-libc.fplib
                0x0000243c       0xcc c:/program files (x86)/atmel/atmel toolchain/avr8 gcc/native/3.4.1061/avr8-gnu-toolchain/bin/../lib/gcc/avr/4.8.1/../../../../avr/lib/avr5\libm.a(divsf3x.o)
                0x00002452                __divsf3x
                0x00002456                __divsf3_pse
 .text.avr-libc.fplib
                0x00002508        0xa c:/program files (x86)/atmel/atmel toolchain/avr8 gcc/native/3.4.1061/avr8-gnu-toolchain/bin/../lib/gcc/avr/4.8.1/../../../../avr/lib/avr5\libm.a(fixsfsi.o)
                0x00002508                __fixsfsi
 .text.avr-libc.fplib
                0x00002512       0x58 c:/program files (x86)/atmel/atmel toolchain/avr8 gcc/native/3.4.1061/avr8-gnu-toolchain/bin/../lib/gcc/avr/4.8.1/../../../../avr/lib/avr5\libm.a(fixunssfsi.o)
                0x00002512                __fixunssfsi
 .text.avr-libc.fplib
                0x0000256a       0x7a c:/program files (x86)/atmel/atmel toolchain/avr8 gcc/native/3.4.1061/avr8-gnu-toolchain/bin/../lib/gcc/avr/4.8.1/../../../../avr/lib/avr5\libm.a(floatsisf.o)
                0x0000256a                __floatunsisf
                0x0000256e                __floatsisf
 .text.avr-libc.fplib
                0x000025e4       0x48 c:/program files (x86)/atmel/atmel toolchain/avr8 gcc/native/3.4.1061/avr8-gnu-toolchain/bin/../lib/gcc/avr/4.8.1/../../../../avr/lib/avr5\libm.a(fp_cmp.o)
                0x000025e4                __fp_cmp
 .text.avr-libc.fplib
                0x0000262c        0xc c:/program files (x86)/atmel/atmel toolchain/avr8 gcc/native/3.4.1061/avr8-gnu-toolchain/bin/../lib/gcc/avr/4.8.1/../../../../avr/lib/avr5\libm.a(fp_inf.o)
                0x0000262c                __fp_inf
 .text.avr-libc.fplib
                0x00002638        0x6 c:/program files (x86)/atmel/atmel toolchain/avr8 gcc/native/3.4.1061/avr8-gnu-toolchain/bin/../lib/gcc/avr/4.8.1/../../../../avr/lib/avr5\libm.a(fp_nan.o)
                0x00002638                __fp_nan
 .text.avr-libc.fplib
                0x0000263e        0xe c:/program files (x86)/atmel/atmel toolchain/avr8 gcc/native/3.4.1061/avr8-gnu-toolchain/bin/../lib/gcc/avr/4.8.1/../../../../avr/lib/avr5\libm.a(fp_pscA.o)
                0x0000263e                __fp_pscA
 .text.avr-libc.fplib
                0x0000264c        0xe c:/program files (x86)/atmel/atmel toolchain/avr8 gcc/native/3.4.1061/avr8-gnu-toolchain/bin/../lib/gcc/avr/4.8.1/../../../../avr/lib/avr5\libm.a(fp_pscB.o)
                0x0000264c                __fp_pscB
 .text.avr-libc.fplib
                0x0000265a       0x22 c:/program files (x86)/atmel/atmel toolchain/avr8 gcc/native/3.4.1061/avr8-gnu-toolchain/bin/../lib/gcc/avr/4.8.1/../../../../avr/lib/avr5\libm.a(fp_round.o)
                0x0000265a                __fp_round
 .text.avr-libc.fplib
                0x0000267c       0x44 c:/program files (x86)/atmel/atmel toolchain/avr8 gcc/native/3.4.1061/avr8-gnu-toolchain/bin/../lib/gcc/avr/4.8.1/../../../../avr/lib/avr5\libm.a(fp_split3.o)
                0x0000267c                __fp_split3
                0x0000268c                __fp_splitA
 .text.avr-libc.fplib
                0x000026c0        0xe c:/program files (x86)/atmel/atmel toolchain/avr8 gcc/native/3.4.1061/avr8-gnu-toolchain/bin/../lib/gcc/avr/4.8.1/../../../../avr/lib/avr5\libm.a(fp_zero.o)
                0x000026c0                __fp_zero
                0x000026c2                __fp_szero
 .text.avr-libc.fplib
                0x000026ce        0x8 c:/program files (x86)/atmel/atmel toolchain/avr8 gcc/native/3.4.1061/avr8-gnu-toolchain/bin/../lib/gcc/avr/4.8.1/../../../../avr/lib/avr5\libm.a(gesf2.o)
                0x000026ce                __gesf2
                0x000026ce                __gtsf2
 .text.avr-libc.fplib
                0x000026d6        0x4 c:/program files (x86)/atmel/atmel toolchain/avr8 gcc/native/3.4.1061/avr8-gnu-toolchain/bin/../lib/gcc/avr/4.8.1/../../../../avr/lib/avr5\libm.a(mulsf3.o)
                0x000026d6                __mulsf3
 .text.avr-libc.fplib
                0x000026da       0xc2 c:/program files (x86)/atmel/atmel toolchain/avr8 gcc/native/3.4.1061/avr8-gnu-toolchain/bin/../lib/gcc/avr/4.8.1/../../../../avr/lib/avr5\libm.a(mulsf3x.o)
                0x000026ee                __mulsf3x
                0x000026f2                __mulsf3_pse
 .text.libgcc.div
                0x0000279c       0x26 c:/program files (x86)/atmel/atmel toolchain/avr8 gcc/native/3.4.1061/avr8-gnu-toolchain/bin/../lib/gcc/avr/4.8.1/avr5\libgcc.a(_divmodhi4.o)
                0x0000279c                _div
                0x0000279c                __divmodhi4
 .text.libgcc.div
                0x000027c2       0x28 c:/program files (x86)/atmel/atmel toolchain/avr8 gcc/native/3.4.1061/avr8-gnu-toolchain/bin/../lib/gcc/avr/4.8.1/avr5\libgcc.a(_divmodsi4.o)
                0x000027c2                __divmodsi4
 .text.libgcc.div
                0x000027ea       0x10 c:/program files (x86)/atmel/atmel toolchain/avr8 gcc/native/3.4.1061/avr8-gnu-toolchain/bin/../lib/gcc/avr/4.8.1/avr5\libgcc.a(_negsi2.o)
                0x000027ea                __negsi2
 .text.libgcc.builtins
                0x000027fa       0x32 c:/program files (x86)/atmel/atmel toolchain/avr8 gcc/native/3.4.1061/avr8-gnu-toolchain/bin/../lib/gcc/avr/4.8.1/avr5\libgcc.a(_ashldi3.o)
                0x000027fa                __ashldi3
 .text.libgcc.builtins
                0x0000282c       0x3c c:/program files (x86)/atmel/atmel toolchain/avr8 gcc/native/3.4.1061/avr8-gnu-toolchain/bin/../lib/gcc/avr/4.8.1/avr5\libgcc.a(_ashrdi3.o)
                0x0000282c                __ashrdi3
                0x00002830                __lshrdi3
 .text.libgcc.div
                0x00002868       0x28 c:/program files (x86)/atmel/atmel toolchain/avr8 gcc/native/3.4.1061/avr8-gnu-toolchain/bin/../lib/gcc/avr/4.8.1/avr5\libgcc.a(_udivmodhi4.o)
                0x00002868                __udivmodhi4
 .text.libgcc.div
                0x00002890       0x44 c:/program files (x86)/atmel/atmel toolchain/avr8 gcc/native/3.4.1061/avr8-gnu-toolchain/bin/../lib/gcc/avr/4.8.1/avr5\libgcc.a(_udivmodsi4.o)
                0x00002890                __udivmodsi4
 .text.avr-libc
                0x000028d4       0xae c:/program files (x86)/atmel/atmel toolchain/avr8 gcc/native/3.4.1061/avr8-gnu-toolchain/bin/../lib/gcc/avr/4.8.1/../../../../avr/lib/avr5\libc.a(rand.o)
                0x00002964                rand_r
                0x00002966                rand
                0x0000296c                srand
 .text.avr-libc
                0x00002982        0xe c:/program files (x86)/atmel/atmel toolchain/avr8 gcc/native/3.4.1061/avr8-gnu-toolchain/bin/../lib/gcc/avr/4.8.1/../../../../avr/lib/avr5\libc.a(strcpy_P.o)
                0x00002982                strcpy_P
 .text.avr-libc
                0x00002990       0x94 c:/program files (x86)/atmel/atmel toolchain/avr8 gcc/native/3.4.1061/avr8-gnu-toolchain/bin/../lib/gcc/avr/4.8.1/../../../../avr/lib/avr5\libc.a(fdevopen.o)
                0x00002990                fdevopen
 .text.avr-libc
                0x00002a24       0x22 c:/program files (x86)/atmel/atmel toolchain/avr8 gcc/native/3.4.1061/avr8-gnu-toolchain/bin/../lib/gcc/avr/4.8.1/../../../../avr/lib/avr5\libc.a(printf.o)
                0x00002a24                printf
 .text.avr-libc
                0x00002a46        0xa c:/program files (x86)/atmel/atmel toolchain/avr8 gcc/native/3.4.1061/avr8-gnu-toolchain/bin/../lib/gcc/avr/4.8.1/../../../../avr/lib/avr5\libc.a(putchar.o)
                0x00002a46                putchar
 .text.avr-libc
                0x00002a50      0x386 c:/program files (x86)/atmel/atmel toolchain/avr8 gcc/native/3.4.1061/avr8-gnu-toolchain/bin/../lib/gcc/avr/4.8.1/../../../../avr/lib/avr5\libc.a(vfprintf_std.o)
                0x00002a50                vfprintf
 .text.avr-libc
                0x00002dd6       0x34 c:/program files (x86)/atmel/atmel toolchain/avr8 gcc/native/3.4.1061/avr8-gnu-toolchain/bin/../lib/gcc/avr/4.8.1/../../../../avr/lib/avr5\libc.a(calloc.o)
                0x00002dd6                calloc
 .text.avr-libc
                0x00002e0a      0x24e c:/program files (x86)/atmel/atmel toolchain/avr8 gcc/native/3.4.1061/avr8-gnu-toolchain/bin/../lib/gcc/avr/4.8.1/../../../../avr/lib/avr5\libc.a(malloc.o)
                0x00002e0a                malloc
                0x00002f3a                free
 .text.avr-libc
                0x00003058       0x16 c:/program files (x86)/atmel/atmel toolchain/avr8 gcc/native/3.4.1061/avr8-gnu-toolchain/bin/../lib/gcc/avr/4.8.1/../../../../avr/lib/avr5\libc.a(strnlen_P.o)
                0x00003058                strnlen_P
 .text.avr-libc
                0x0000306e        0xe c:/program files (x86)/atmel/atmel toolchain/avr8 gcc/native/3.4.1061/avr8-gnu-toolchain/bin/../lib/gcc/avr/4.8.1/../../../../avr/lib/avr5\libc.a(memset.o)
                0x0000306e                memset
 .text.avr-libc
                0x0000307c       0x16 c:/program files (x86)/atmel/atmel toolchain/avr8 gcc/native/3.4.1061/avr8-gnu-toolchain/bin/../lib/gcc/avr/4.8.1/../../../../avr/lib/avr5\libc.a(strnlen.o)
                0x0000307c                strnlen
 .text.avr-libc
                0x00003092       0x64 c:/program files (x86)/atmel/atmel toolchain/avr8 gcc/native/3.4.1061/avr8-gnu-toolchain/bin/../lib/gcc/avr/4.8.1/../../../../avr/lib/avr5\libc.a(fputc.o)
                0x00003092                fputc
 .text.avr-libc
                0x000030f6       0xbc c:/program files (x86)/atmel/atmel toolchain/avr8 gcc/native/3.4.1061/avr8-gnu-toolchain/bin/../lib/gcc/avr/4.8.1/../../../../avr/lib/avr5\libc.a(ultoa_invert.o)
                0x000030f6                __ultoa_invert
 .text.libgcc.mul
                0x000031b2       0x14 c:/program files (x86)/atmel/atmel toolchain/avr8 gcc/native/3.4.1061/avr8-gnu-toolchain/bin/../lib/gcc/avr/4.8.1/avr5\libgcc.a(_muluhisi3.o)
                0x000031b2                __muluhisi3
 .text.libgcc.mul
                0x000031c6        0xc c:/program files (x86)/atmel/atmel toolchain/avr8 gcc/native/3.4.1061/avr8-gnu-toolchain/bin/../lib/gcc/avr/4.8.1/avr5\libgcc.a(_mulshisi3.o)
                0x000031c6                __mulshisi3
                0x000031ca                __mulohisi3
 .text.libgcc.prologue
                0x000031d2       0x38 c:/program files (x86)/atmel/atmel toolchain/avr8 gcc/native/3.4.1061/avr8-gnu-toolchain/bin/../lib/gcc/avr/4.8.1/avr5\libgcc.a(_prologue.o)
                0x000031d2                __prologue_saves__
 .text.libgcc.prologue
                0x0000320a       0x36 c:/program files (x86)/atmel/atmel toolchain/avr8 gcc/native/3.4.1061/avr8-gnu-toolchain/bin/../lib/gcc/avr/4.8.1/avr5\libgcc.a(_epilogue.o)
                0x0000320a                __epilogue_restores__
 .text.libgcc.mul
                0x00003240       0x1e c:/program files (x86)/atmel/atmel toolchain/avr8 gcc/native/3.4.1061/avr8-gnu-toolchain/bin/../lib/gcc/avr/4.8.1/avr5\libgcc.a(_umulhisi3.o)
                0x00003240                __umulhisi3
                0x0000325e                . = ALIGN (0x2)
 *(.fini9)
 .fini9         0x0000325e        0x0 c:/program files (x86)/atmel/atmel toolchain/avr8 gcc/native/3.4.1061/avr8-gnu-toolchain/bin/../lib/gcc/avr/4.8.1/avr5\libgcc.a(_exit.o)
                0x0000325e                _exit
                0x0000325e                exit
 *(.fini9)
 *(.fini8)
 *(.fini8)
 *(.fini7)
 *(.fini7)
 *(.fini6)
 *(.fini6)
 *(.fini5)
 *(.fini5)
 *(.fini4)
 *(.fini4)
 *(.fini3)
 *(.fini3)
 *(.fini2)
 *(.fini2)
 *(.fini1)
 *(.fini1)
 *(.fini0)
 .fini0         0x0000325e        0x4 c:/program files (x86)/atmel/atmel toolchain/avr8 gcc/native/3.4.1061/avr8-gnu-toolchain/bin/../lib/gcc/avr/4.8.1/avr5\libgcc.a(_exit.o)
 *(.fini0)
                0x00003262                _etext = .

.data           0x00800100      0x1de load address 0x00003262
                0x00800100                PROVIDE (__data_start, .)
 *(.data)
 .data          0x00800100        0x4 c:/program files (x86)/atmel/atmel toolchain/avr8 gcc/native/3.4.1061/avr8-gnu-toolchain/bin/../lib/gcc/avr/4.8.1/../../../../avr/lib/avr5\libc.a(rand.o)
 .data          0x00800104        0x6 c:/program files (x86)/atmel/atmel toolchain/avr8 gcc/native/3.4.1061/avr8-gnu-toolchain/bin/../lib/gcc/avr/4.8.1/../../../../avr/lib/avr5\libc.a(malloc.o)
                0x00800104                __malloc_heap_end
                0x00800106                __malloc_heap_start
                0x00800108                __malloc_margin
 *(.data*)
 .data.new_wall
                0x0080010a        0x1 flappy_pixel.o
                0x0080010a                new_wall
 .data.difficulity
                0x0080010b        0x1 flappy_pixel.o
                0x0080010b                difficulity
 .data.acceleration
                0x0080010c        0x4 flappy_pixel.o
                0x0080010c                acceleration
 .data.ext_ram_adress
                0x00800110        0x2 flappy_pixel.o
                0x00800110                ext_ram_adress
 .data.mainmenu_ptr_list
                0x00800112        0xa menu.o
                0x00800112                mainmenu_ptr_list
 .data.mainmenu_entry_list
                0x0080011c        0xa menu.o
                0x0080011c                mainmenu_entry_list
 .data.mainmenu_list
                0x00800126        0xa menu.o
                0x00800126                mainmenu_list
 .data.highscore_entry_list
                0x00800130        0x4 menu.o
                0x00800130                highscore_entry_list
 .data.highscore_list
                0x00800134        0x4 menu.o
                0x00800134                highscore_list
 .data.game_entry_list
                0x00800138        0x4 menu.o
                0x00800138                game_entry_list
 .data.game_list
                0x0080013c        0x4 menu.o
                0x0080013c                game_list
 .data.option_entry_list
                0x00800140        0x4 menu.o
                0x00800140                option_entry_list
 .data.option_list
                0x00800144        0x4 menu.o
                0x00800144                option_list
 .data.debug_entry_list
                0x00800148        0x4 menu.o
                0x00800148                debug_entry_list
 .data.debug_list
                0x0080014c        0x4 menu.o
                0x0080014c                debug_list
 .data.oled_data
                0x00800150        0x2 oled.o
                0x00800150                oled_data
 .data.oled_cmd
                0x00800152        0x2 oled.o
                0x00800152                oled_cmd
 .data.ext_ram  0x00800154        0x2 SRAM.o
                0x00800154                ext_ram
 *(.rodata)
 .rodata        0x00800156        0x8 NODE1.o
 *(.rodata*)
 .rodata.str1.1
                0x0080015e       0x52 flappy_pixel.o
 .rodata.str1.1
                0x008001b0      0x10a NODE1.o
 .rodata.str1.1
                0x008002ba       0x23 uart_exchange.o
 *(.gnu.linkonce.d*)
                0x008002de                . = ALIGN (0x2)
 *fill*         0x008002dd        0x1 
                0x008002de                _edata = .
                0x008002de                PROVIDE (__data_end, .)

.bss            0x008002de       0xeb
                0x008002de                PROVIDE (__bss_start, .)
 *(.bss)
 *(.bss*)
 .bss.receive_flag
                0x008002de        0x1 can.o
                0x008002de                receive_flag
 .bss.CAN_send_buffer
                0x008002df        0xb can.o
 .bss.player_height_accurate
                0x008002ea        0x4 flappy_pixel.o
                0x008002ea                player_height_accurate
 .bss.velocity  0x008002ee        0x4 flappy_pixel.o
                0x008002ee                velocity
 .bss.game_over
                0x008002f2        0x1 flappy_pixel.o
                0x008002f2                game_over
 .bss.player_height
                0x008002f3        0x1 flappy_pixel.o
                0x008002f3                player_height
 .bss.quit      0x008002f4        0x1 flappy_pixel.o
                0x008002f4                quit
 .bss.score     0x008002f5        0x2 flappy_pixel.o
                0x008002f5                score
 .bss.ref_R     0x008002f7        0x2 input_conversion.o
                0x008002f7                ref_R
 .bss.ref_L     0x008002f9        0x2 input_conversion.o
                0x008002f9                ref_L
 .bss.ref_Y     0x008002fb        0x2 input_conversion.o
                0x008002fb                ref_Y
 .bss.ref_X     0x008002fd        0x2 input_conversion.o
                0x008002fd                ref_X
 .bss.calibrate_y
                0x008002ff        0x2 input_conversion.o
                0x008002ff                calibrate_y
 .bss.calibrate_x
                0x00800301        0x2 input_conversion.o
                0x00800301                calibrate_x
 .bss.navigation_counter
                0x00800303        0x1 menu.o
                0x00800303                navigation_counter
 .bss.highscore_ptr_list
                0x00800304        0xa menu.o
                0x00800304                highscore_ptr_list
 .bss.game_ptr_list
                0x0080030e        0x4 menu.o
                0x0080030e                game_ptr_list
 .bss.option_ptr_list
                0x00800312        0x4 menu.o
                0x00800312                option_ptr_list
 .bss.debug_ptr_list
                0x00800316        0x4 menu.o
                0x00800316                debug_ptr_list
 *(COMMON)
 COMMON         0x0080031a        0x2 button_interrupts.o
                0x0080031a                flag_right_button
                0x0080031b                flag_left_button
 COMMON         0x0080031c       0x96 menu.o
                0x0080031c                current_head
                0x0080031e                current_selected
                0x00800320                mainmenu_highscore
                0x0080032a                mainmenu_games
                0x00800334                game_1
                0x0080033e                temp
                0x0080034e                option_0
                0x00800358                option_1
                0x00800362                mainmenu_debug
                0x0080036c                mainmenu_options
                0x00800376                debug_0
                0x00800380                game_0
                0x0080038a                debug_1
                0x00800394                mainmenu_start
                0x0080039e                highscore_1
                0x008003a8                highscore_0
 COMMON         0x008003b2        0x2 oled.o
                0x008003b2                col
                0x008003b3                page
 COMMON         0x008003b4        0xa SRAM.o
                0x008003b4                tempdata
                0x008003bc                prev_y
                0x008003bd                prev_x
 COMMON         0x008003be        0x1 timer.o
                0x008003be                FLAG_timer_1_complete
 COMMON         0x008003bf        0x6 c:/program files (x86)/atmel/atmel toolchain/avr8 gcc/native/3.4.1061/avr8-gnu-toolchain/bin/../lib/gcc/avr/4.8.1/../../../../avr/lib/avr5\libc.a(iob.o)
                0x008003bf                __iob
 COMMON         0x008003c5        0x4 c:/program files (x86)/atmel/atmel toolchain/avr8 gcc/native/3.4.1061/avr8-gnu-toolchain/bin/../lib/gcc/avr/4.8.1/../../../../avr/lib/avr5\libc.a(malloc.o)
                0x008003c5                __brkval
                0x008003c7                __flp
                0x008003c9                PROVIDE (__bss_end, .)
                0x00003262                __data_load_start = LOADADDR (.data)
                0x00003440                __data_load_end = (__data_load_start + SIZEOF (.data))

.noinit         0x008003c9        0x0
                0x008003c9                PROVIDE (__noinit_start, .)
 *(.noinit*)
                0x008003c9                PROVIDE (__noinit_end, .)
                0x008003c9                _end = .
                0x008003c9                PROVIDE (__heap_start, .)

.eeprom         0x00810000        0x0
 *(.eeprom*)
                0x00810000                __eeprom_end = .

.fuse
 *(.fuse)
 *(.lfuse)
 *(.hfuse)
 *(.efuse)

.lock
 *(.lock*)

.signature
 *(.signature*)

.user_signatures
 *(.user_signatures*)

.stab
 *(.stab)

.stabstr
 *(.stabstr)

.stab.excl
 *(.stab.excl)

.stab.exclstr
 *(.stab.exclstr)

.stab.index
 *(.stab.index)

.stab.indexstr
 *(.stab.indexstr)

.comment        0x00000000       0x5c
 *(.comment)
 .comment       0x00000000       0x30 can.o
                                 0x31 (size before relaxing)
 .comment       0x00000000       0x31 MCP2515_driver.o
 .comment       0x00000000       0x31 SPI.o
 .comment       0x00000000       0x31 uart.o
 .comment       0x00000000       0x31 adc.o
 .comment       0x00000000       0x31 button_interrupts.o
 .comment       0x00000000       0x31 flappy_pixel.o
 .comment       0x00000000       0x31 input_conversion.o
 .comment       0x00000000       0x31 menu.o
 .comment       0x00000000       0x31 NODE1.o
 .comment       0x00000000       0x31 oled.o
 .comment       0x00000000       0x31 SRAM.o
 .comment       0x00000000       0x31 timer.o
 .comment       0x00000000       0x31 uart_exchange.o
 .comment       0x00000000       0x31 c:/program files (x86)/atmel/atmel toolchain/avr8 gcc/native/3.4.1061/avr8-gnu-toolchain/bin/../lib/gcc/avr/4.8.1/../../../../avr/lib/avr5\libc.a(rand.o)
 .comment       0x00000000       0x31 c:/program files (x86)/atmel/atmel toolchain/avr8 gcc/native/3.4.1061/avr8-gnu-toolchain/bin/../lib/gcc/avr/4.8.1/../../../../avr/lib/avr5\libc.a(fdevopen.o)
 .comment       0x00000000       0x31 c:/program files (x86)/atmel/atmel toolchain/avr8 gcc/native/3.4.1061/avr8-gnu-toolchain/bin/../lib/gcc/avr/4.8.1/../../../../avr/lib/avr5\libc.a(iob.o)
 .comment       0x00000000       0x31 c:/program files (x86)/atmel/atmel toolchain/avr8 gcc/native/3.4.1061/avr8-gnu-toolchain/bin/../lib/gcc/avr/4.8.1/../../../../avr/lib/avr5\libc.a(printf.o)
 .comment       0x00000000       0x31 c:/program files (x86)/atmel/atmel toolchain/avr8 gcc/native/3.4.1061/avr8-gnu-toolchain/bin/../lib/gcc/avr/4.8.1/../../../../avr/lib/avr5\libc.a(putchar.o)
 .comment       0x00000030       0x2c c:/program files (x86)/atmel/atmel toolchain/avr8 gcc/native/3.4.1061/avr8-gnu-toolchain/bin/../lib/gcc/avr/4.8.1/../../../../avr/lib/avr5\libc.a(vfprintf_std.o)
                                 0x2d (size before relaxing)
 .comment       0x00000000       0x31 c:/program files (x86)/atmel/atmel toolchain/avr8 gcc/native/3.4.1061/avr8-gnu-toolchain/bin/../lib/gcc/avr/4.8.1/../../../../avr/lib/avr5\libc.a(calloc.o)
 .comment       0x00000000       0x31 c:/program files (x86)/atmel/atmel toolchain/avr8 gcc/native/3.4.1061/avr8-gnu-toolchain/bin/../lib/gcc/avr/4.8.1/../../../../avr/lib/avr5\libc.a(malloc.o)
 .comment       0x00000000       0x31 c:/program files (x86)/atmel/atmel toolchain/avr8 gcc/native/3.4.1061/avr8-gnu-toolchain/bin/../lib/gcc/avr/4.8.1/../../../../avr/lib/avr5\libc.a(fputc.o)

.note.gnu.build-id
 *(.note.gnu.build-id)

.debug
 *(.debug)

.line
 *(.line)

.debug_srcinfo
 *(.debug_srcinfo)

.debug_sfnames
 *(.debug_sfnames)

.debug_aranges  0x00000000      0x4c8
 *(.debug_aranges)
 .debug_aranges
                0x00000000       0x78 can.o
 .debug_aranges
                0x00000078       0x60 MCP2515_driver.o
 .debug_aranges
                0x000000d8       0x48 SPI.o
 .debug_aranges
                0x00000120       0x38 uart.o
 .debug_aranges
                0x00000158       0x20 adc.o
 .debug_aranges
                0x00000178       0x40 button_interrupts.o
 .debug_aranges
                0x000001b8       0x58 flappy_pixel.o
 .debug_aranges
                0x00000210       0x38 input_conversion.o
 .debug_aranges
                0x00000248       0x50 menu.o
 .debug_aranges
                0x00000298       0x38 NODE1.o
 .debug_aranges
                0x000002d0       0x68 oled.o
 .debug_aranges
                0x00000338       0xf8 SRAM.o
 .debug_aranges
                0x00000430       0x40 timer.o
 .debug_aranges
                0x00000470       0x58 uart_exchange.o

.debug_pubnames
 *(.debug_pubnames)

.debug_info     0x00000000     0x52d1
 *(.debug_info .gnu.linkonce.wi.*)
 .debug_info    0x00000000      0x6c7 can.o
 .debug_info    0x000006c7      0x472 MCP2515_driver.o
 .debug_info    0x00000b39      0x1e3 SPI.o
 .debug_info    0x00000d1c      0x25c uart.o
 .debug_info    0x00000f78      0x12f adc.o
 .debug_info    0x000010a7      0x10e button_interrupts.o
 .debug_info    0x000011b5      0x96f flappy_pixel.o
 .debug_info    0x00001b24      0x410 input_conversion.o
 .debug_info    0x00001f34      0xf6c menu.o
 .debug_info    0x00002ea0      0x649 NODE1.o
 .debug_info    0x000034e9      0x65e oled.o
 .debug_info    0x00003b47      0xf29 SRAM.o
 .debug_info    0x00004a70      0x122 timer.o
 .debug_info    0x00004b92      0x73f uart_exchange.o

.debug_abbrev   0x00000000     0x15df
 *(.debug_abbrev)
 .debug_abbrev  0x00000000      0x267 can.o
 .debug_abbrev  0x00000267      0x15c MCP2515_driver.o
 .debug_abbrev  0x000003c3      0x128 SPI.o
 .debug_abbrev  0x000004eb      0x175 uart.o
 .debug_abbrev  0x00000660       0xe9 adc.o
 .debug_abbrev  0x00000749       0x94 button_interrupts.o
 .debug_abbrev  0x000007dd      0x1f1 flappy_pixel.o
 .debug_abbrev  0x000009ce      0x12d input_conversion.o
 .debug_abbrev  0x00000afb      0x266 menu.o
 .debug_abbrev  0x00000d61      0x1b0 NODE1.o
 .debug_abbrev  0x00000f11      0x19b oled.o
 .debug_abbrev  0x000010ac      0x26c SRAM.o
 .debug_abbrev  0x00001318       0xf1 timer.o
 .debug_abbrev  0x00001409      0x1d6 uart_exchange.o

.debug_line     0x00000000     0x29f3
 *(.debug_line .debug_line.* .debug_line_end)
 .debug_line    0x00000000      0x37d can.o
 .debug_line    0x0000037d      0x270 MCP2515_driver.o
 .debug_line    0x000005ed      0x1c5 SPI.o
 .debug_line    0x000007b2      0x168 uart.o
 .debug_line    0x0000091a      0x158 adc.o
 .debug_line    0x00000a72      0x187 button_interrupts.o
 .debug_line    0x00000bf9      0x4e9 flappy_pixel.o
 .debug_line    0x000010e2      0x166 input_conversion.o
 .debug_line    0x00001248      0x650 menu.o
 .debug_line    0x00001898      0x310 NODE1.o
 .debug_line    0x00001ba8      0x1fc oled.o
 .debug_line    0x00001da4      0x75d SRAM.o
 .debug_line    0x00002501      0x15b timer.o
 .debug_line    0x0000265c      0x397 uart_exchange.o

.debug_frame    0x00000000      0xe70
 *(.debug_frame)
 .debug_frame   0x00000000      0x14c can.o
 .debug_frame   0x0000014c      0x10c MCP2515_driver.o
 .debug_frame   0x00000258       0xa0 SPI.o
 .debug_frame   0x000002f8       0x5c uart.o
 .debug_frame   0x00000354       0x24 adc.o
 .debug_frame   0x00000378       0x84 button_interrupts.o
 .debug_frame   0x000003fc      0x160 flappy_pixel.o
 .debug_frame   0x0000055c       0xf0 input_conversion.o
 .debug_frame   0x0000064c       0xfc menu.o
 .debug_frame   0x00000748       0xd8 NODE1.o
 .debug_frame   0x00000820       0xcc oled.o
 .debug_frame   0x000008ec      0x3b4 SRAM.o
 .debug_frame   0x00000ca0       0x80 timer.o
 .debug_frame   0x00000d20      0x150 uart_exchange.o

.debug_str      0x00000000     0x1043
 *(.debug_str)
 .debug_str     0x00000000      0x2aa can.o
                                0x303 (size before relaxing)
 .debug_str     0x000002aa       0xc9 MCP2515_driver.o
                                0x276 (size before relaxing)
 .debug_str     0x00000373       0x27 SPI.o
                                0x1ab (size before relaxing)
 .debug_str     0x0000039a       0x70 uart.o
                                0x1cc (size before relaxing)
 .debug_str     0x0000040a       0xa6 adc.o
                                0x1ae (size before relaxing)
 .debug_str     0x000004b0       0x88 button_interrupts.o
                                0x1c4 (size before relaxing)
 .debug_str     0x00000538      0x1f7 flappy_pixel.o
                                0x382 (size before relaxing)
 .debug_str     0x0000072f       0xd4 input_conversion.o
                                0x232 (size before relaxing)
 .debug_str     0x00000803      0x4b9 menu.o
                                0x69b (size before relaxing)
 .debug_str     0x00000cbc       0xdd NODE1.o
                                0x2ea (size before relaxing)
 .debug_str     0x00000d99       0x60 oled.o
                                0x1ee (size before relaxing)
 .debug_str     0x00000df9      0x187 SRAM.o
                                0x43d (size before relaxing)
 .debug_str     0x00000f80       0x38 timer.o
                                0x1b0 (size before relaxing)
 .debug_str     0x00000fb8       0x8b uart_exchange.o
                                0x2ec (size before relaxing)

.debug_loc      0x00000000     0x41ac
 *(.debug_loc)
 .debug_loc     0x00000000      0x3c1 can.o
 .debug_loc     0x000003c1      0x36f MCP2515_driver.o
 .debug_loc     0x00000730       0xc8 SPI.o
 .debug_loc     0x000007f8       0x40 uart.o
 .debug_loc     0x00000838       0xe3 adc.o
 .debug_loc     0x0000091b       0x78 button_interrupts.o
 .debug_loc     0x00000993      0x512 flappy_pixel.o
 .debug_loc     0x00000ea5      0x46c input_conversion.o
 .debug_loc     0x00001311      0x872 menu.o
 .debug_loc     0x00001b83      0x256 NODE1.o
 .debug_loc     0x00001dd9      0x1a2 oled.o
 .debug_loc     0x00001f7b     0x1bef SRAM.o
 .debug_loc     0x00003b6a       0xcd timer.o
 .debug_loc     0x00003c37      0x575 uart_exchange.o

.debug_macinfo
 *(.debug_macinfo)

.debug_weaknames
 *(.debug_weaknames)

.debug_funcnames
 *(.debug_funcnames)

.debug_typenames
 *(.debug_typenames)

.debug_varnames
 *(.debug_varnames)

.debug_pubtypes
 *(.debug_pubtypes)

.debug_ranges   0x00000000      0x520
 *(.debug_ranges)
 .debug_ranges  0x00000000       0x80 can.o
 .debug_ranges  0x00000080       0x50 MCP2515_driver.o
 .debug_ranges  0x000000d0       0x38 SPI.o
 .debug_ranges  0x00000108       0x28 uart.o
 .debug_ranges  0x00000130       0x10 adc.o
 .debug_ranges  0x00000140       0x30 button_interrupts.o
 .debug_ranges  0x00000170       0x90 flappy_pixel.o
 .debug_ranges  0x00000200       0x28 input_conversion.o
 .debug_ranges  0x00000228       0xa0 menu.o
 .debug_ranges  0x000002c8       0x58 NODE1.o
 .debug_ranges  0x00000320       0x58 oled.o
 .debug_ranges  0x00000378      0x118 SRAM.o
 .debug_ranges  0x00000490       0x30 timer.o
 .debug_ranges  0x000004c0       0x60 uart_exchange.o

.debug_macro
 *(.debug_macro)
OUTPUT(NODE1.elf elf32-avr)
LOAD linker stubs
